Archive member included to satisfy reference by file (symbol)

./avr-can-rfid-lib/src/librfid_can.a(mcp2515.o)
                              obj/main.o (can_init)
./avr-can-rfid-lib/src/librfid_can.a(mcp2515_buffer.o)
                              obj/main.o (can_check_message)
./avr-can-rfid-lib/src/librfid_can.a(mcp2515_get_message.o)
                              obj/main.o (can_get_message)
./avr-can-rfid-lib/src/librfid_can.a(mcp2515_send_message.o)
                              obj/main.o (can_send_message)
./avr-can-rfid-lib/src/librfid_can.a(mcp2515_write_id.o)
                              ./avr-can-rfid-lib/src/librfid_can.a(mcp2515_send_message.o) (mcp2515_write_id)
./avr-can-rfid-lib/src/librfid_can.a(mcp2515_read_id.o)
                              ./avr-can-rfid-lib/src/librfid_can.a(mcp2515_get_message.o) (mcp2515_read_id)
./avr-can-rfid-lib/src/librfid_can.a(spi.o)
                              ./avr-can-rfid-lib/src/librfid_can.a(mcp2515.o) (mcp2515_spi_init)
./avr-can-rfid-lib/src/librfid_can.a(mfrc522.o)
                              obj/main.o (mfrc522_write)
/opt/homebrew/Cellar/avr-gcc@9/9.3.0_3/lib/avr-gcc/9/gcc/avr/9.3.0/avr5/libgcc.a(_udivmodsi4.o)
                              obj/ATMega32_utility_bib.o (__udivmodsi4)
/opt/homebrew/Cellar/avr-gcc@9/9.3.0_3/lib/avr-gcc/9/gcc/avr/9.3.0/avr5/libgcc.a(_exit.o)
                              /opt/homebrew/Cellar/avr-gcc@9/9.3.0_3/lib/avr-gcc/9/gcc/avr/9.3.0/../../../../../../avr/lib/avr5/crtatmega32.o (exit)
/opt/homebrew/Cellar/avr-gcc@9/9.3.0_3/lib/avr-gcc/9/gcc/avr/9.3.0/avr5/libgcc.a(_copy_data.o)
                              obj/main.o (__do_copy_data)
/opt/homebrew/Cellar/avr-gcc@9/9.3.0_3/lib/avr-gcc/9/gcc/avr/9.3.0/../../../../../../avr/lib/avr5/libc.a(sprintf.o)
                              obj/main.o (sprintf)
/opt/homebrew/Cellar/avr-gcc@9/9.3.0_3/lib/avr-gcc/9/gcc/avr/9.3.0/../../../../../../avr/lib/avr5/libc.a(vfprintf_std.o)
                              /opt/homebrew/Cellar/avr-gcc@9/9.3.0_3/lib/avr-gcc/9/gcc/avr/9.3.0/../../../../../../avr/lib/avr5/libc.a(sprintf.o) (vfprintf)
/opt/homebrew/Cellar/avr-gcc@9/9.3.0_3/lib/avr-gcc/9/gcc/avr/9.3.0/../../../../../../avr/lib/avr5/libc.a(strnlen_P.o)
                              /opt/homebrew/Cellar/avr-gcc@9/9.3.0_3/lib/avr-gcc/9/gcc/avr/9.3.0/../../../../../../avr/lib/avr5/libc.a(vfprintf_std.o) (strnlen_P)
/opt/homebrew/Cellar/avr-gcc@9/9.3.0_3/lib/avr-gcc/9/gcc/avr/9.3.0/../../../../../../avr/lib/avr5/libc.a(strnlen.o)
                              /opt/homebrew/Cellar/avr-gcc@9/9.3.0_3/lib/avr-gcc/9/gcc/avr/9.3.0/../../../../../../avr/lib/avr5/libc.a(vfprintf_std.o) (strnlen)
/opt/homebrew/Cellar/avr-gcc@9/9.3.0_3/lib/avr-gcc/9/gcc/avr/9.3.0/../../../../../../avr/lib/avr5/libc.a(fputc.o)
                              /opt/homebrew/Cellar/avr-gcc@9/9.3.0_3/lib/avr-gcc/9/gcc/avr/9.3.0/../../../../../../avr/lib/avr5/libc.a(vfprintf_std.o) (fputc)
/opt/homebrew/Cellar/avr-gcc@9/9.3.0_3/lib/avr-gcc/9/gcc/avr/9.3.0/../../../../../../avr/lib/avr5/libc.a(ultoa_invert.o)
                              /opt/homebrew/Cellar/avr-gcc@9/9.3.0_3/lib/avr-gcc/9/gcc/avr/9.3.0/../../../../../../avr/lib/avr5/libc.a(vfprintf_std.o) (__ultoa_invert)
/opt/homebrew/Cellar/avr-gcc@9/9.3.0_3/lib/avr-gcc/9/gcc/avr/9.3.0/avr5/libgcc.a(_prologue.o)
                              /opt/homebrew/Cellar/avr-gcc@9/9.3.0_3/lib/avr-gcc/9/gcc/avr/9.3.0/../../../../../../avr/lib/avr5/libc.a(sprintf.o) (__prologue_saves__)
/opt/homebrew/Cellar/avr-gcc@9/9.3.0_3/lib/avr-gcc/9/gcc/avr/9.3.0/avr5/libgcc.a(_epilogue.o)
                              /opt/homebrew/Cellar/avr-gcc@9/9.3.0_3/lib/avr-gcc/9/gcc/avr/9.3.0/../../../../../../avr/lib/avr5/libc.a(sprintf.o) (__epilogue_restores__)

Memory Configuration

Name             Origin             Length             Attributes
text             0x0000000000000000 0x0000000000020000 xr
data             0x0000000000800060 0x000000000000ffa0 rw !x
eeprom           0x0000000000810000 0x0000000000010000 rw !x
fuse             0x0000000000820000 0x0000000000000400 rw !x
lock             0x0000000000830000 0x0000000000000400 rw !x
signature        0x0000000000840000 0x0000000000000400 rw !x
user_signatures  0x0000000000850000 0x0000000000000400 rw !x
*default*        0x0000000000000000 0xffffffffffffffff

Linker script and memory map

LOAD /opt/homebrew/Cellar/avr-gcc@9/9.3.0_3/lib/avr-gcc/9/gcc/avr/9.3.0/../../../../../../avr/lib/avr5/crtatmega32.o
LOAD obj/main.o
LOAD obj/ATMega32_utility_bib.o
LOAD /opt/homebrew/Cellar/avr-gcc@9/9.3.0_3/lib/avr-gcc/9/gcc/avr/9.3.0/../../../../../../avr/lib/avr5/libm.a
LOAD /opt/homebrew/Cellar/avr-gcc@9/9.3.0_3/lib/avr-gcc/9/gcc/avr/9.3.0/../../../../../../avr/lib/avr5/libm.a
LOAD ./avr-can-rfid-lib/src/librfid_can.a
START GROUP
LOAD /opt/homebrew/Cellar/avr-gcc@9/9.3.0_3/lib/avr-gcc/9/gcc/avr/9.3.0/avr5/libgcc.a
LOAD /opt/homebrew/Cellar/avr-gcc@9/9.3.0_3/lib/avr-gcc/9/gcc/avr/9.3.0/../../../../../../avr/lib/avr5/libm.a
LOAD /opt/homebrew/Cellar/avr-gcc@9/9.3.0_3/lib/avr-gcc/9/gcc/avr/9.3.0/../../../../../../avr/lib/avr5/libc.a
LOAD /opt/homebrew/Cellar/avr-gcc@9/9.3.0_3/lib/avr-gcc/9/gcc/avr/9.3.0/../../../../../../avr/lib/avr5/libatmega32.a
END GROUP
                0x0000000000020000                __TEXT_REGION_LENGTH__ = DEFINED (__TEXT_REGION_LENGTH__)?__TEXT_REGION_LENGTH__:0x20000
                0x000000000000ffa0                __DATA_REGION_LENGTH__ = DEFINED (__DATA_REGION_LENGTH__)?__DATA_REGION_LENGTH__:0xffa0
                0x0000000000010000                __EEPROM_REGION_LENGTH__ = DEFINED (__EEPROM_REGION_LENGTH__)?__EEPROM_REGION_LENGTH__:0x10000
                0x0000000000000400                __FUSE_REGION_LENGTH__ = DEFINED (__FUSE_REGION_LENGTH__)?__FUSE_REGION_LENGTH__:0x400
                0x0000000000000400                __LOCK_REGION_LENGTH__ = DEFINED (__LOCK_REGION_LENGTH__)?__LOCK_REGION_LENGTH__:0x400
                0x0000000000000400                __SIGNATURE_REGION_LENGTH__ = DEFINED (__SIGNATURE_REGION_LENGTH__)?__SIGNATURE_REGION_LENGTH__:0x400
                0x0000000000000400                __USER_SIGNATURE_REGION_LENGTH__ = DEFINED (__USER_SIGNATURE_REGION_LENGTH__)?__USER_SIGNATURE_REGION_LENGTH__:0x400

.hash
 *(.hash)

.dynsym
 *(.dynsym)

.dynstr
 *(.dynstr)

.gnu.version
 *(.gnu.version)

.gnu.version_d
 *(.gnu.version_d)

.gnu.version_r
 *(.gnu.version_r)

.rel.init
 *(.rel.init)

.rela.init
 *(.rela.init)

.rel.text
 *(.rel.text)
 *(.rel.text.*)
 *(.rel.gnu.linkonce.t*)

.rela.text
 *(.rela.text)
 *(.rela.text.*)
 *(.rela.gnu.linkonce.t*)

.rel.fini
 *(.rel.fini)

.rela.fini
 *(.rela.fini)

.rel.rodata
 *(.rel.rodata)
 *(.rel.rodata.*)
 *(.rel.gnu.linkonce.r*)

.rela.rodata
 *(.rela.rodata)
 *(.rela.rodata.*)
 *(.rela.gnu.linkonce.r*)

.rel.data
 *(.rel.data)
 *(.rel.data.*)
 *(.rel.gnu.linkonce.d*)

.rela.data
 *(.rela.data)
 *(.rela.data.*)
 *(.rela.gnu.linkonce.d*)

.rel.ctors
 *(.rel.ctors)

.rela.ctors
 *(.rela.ctors)

.rel.dtors
 *(.rel.dtors)

.rela.dtors
 *(.rela.dtors)

.rel.got
 *(.rel.got)

.rela.got
 *(.rela.got)

.rel.bss
 *(.rel.bss)

.rela.bss
 *(.rela.bss)

.rel.plt
 *(.rel.plt)

.rela.plt
 *(.rela.plt)

.text           0x0000000000000000     0x1130
 *(.vectors)
 .vectors       0x0000000000000000       0x54 /opt/homebrew/Cellar/avr-gcc@9/9.3.0_3/lib/avr-gcc/9/gcc/avr/9.3.0/../../../../../../avr/lib/avr5/crtatmega32.o
                0x0000000000000000                __vectors
                0x0000000000000000                __vector_default
 *(.vectors)
 *(.progmem.gcc*)
                0x0000000000000054                . = ALIGN (0x2)
                0x0000000000000054                __trampolines_start = .
 *(.trampolines)
 .trampolines   0x0000000000000054        0x0 linker stubs
 *(.trampolines*)
                0x0000000000000054                __trampolines_end = .
 *libprintf_flt.a:*(.progmem.data)
 *libc.a:*(.progmem.data)
 *(.progmem.*)
 .progmem.data  0x0000000000000054       0x18 ./avr-can-rfid-lib/src/librfid_can.a(mcp2515.o)
                0x0000000000000054                _mcp2515_cnf
                0x000000000000006c                . = ALIGN (0x2)
 *(.lowtext)
 *(.lowtext*)
                0x000000000000006c                __ctors_start = .
 *(.ctors)
                0x000000000000006c                __ctors_end = .
                0x000000000000006c                __dtors_start = .
 *(.dtors)
                0x000000000000006c                __dtors_end = .
 SORT_BY_NAME(*)(.ctors)
 SORT_BY_NAME(*)(.dtors)
 *(.init0)
 .init0         0x000000000000006c        0x0 /opt/homebrew/Cellar/avr-gcc@9/9.3.0_3/lib/avr-gcc/9/gcc/avr/9.3.0/../../../../../../avr/lib/avr5/crtatmega32.o
                0x000000000000006c                __init
 *(.init0)
 *(.init1)
 *(.init1)
 *(.init2)
 .init2         0x000000000000006c        0xc /opt/homebrew/Cellar/avr-gcc@9/9.3.0_3/lib/avr-gcc/9/gcc/avr/9.3.0/../../../../../../avr/lib/avr5/crtatmega32.o
 *(.init2)
 *(.init3)
 *(.init3)
 *(.init4)
 .init4         0x0000000000000078       0x16 /opt/homebrew/Cellar/avr-gcc@9/9.3.0_3/lib/avr-gcc/9/gcc/avr/9.3.0/avr5/libgcc.a(_copy_data.o)
                0x0000000000000078                __do_copy_data
 *(.init4)
 *(.init5)
 *(.init5)
 *(.init6)
 *(.init6)
 *(.init7)
 *(.init7)
 *(.init8)
 *(.init8)
 *(.init9)
 .init9         0x000000000000008e        0x8 /opt/homebrew/Cellar/avr-gcc@9/9.3.0_3/lib/avr-gcc/9/gcc/avr/9.3.0/../../../../../../avr/lib/avr5/crtatmega32.o
 *(.init9)
 *(.text)
 .text          0x0000000000000096        0x4 /opt/homebrew/Cellar/avr-gcc@9/9.3.0_3/lib/avr-gcc/9/gcc/avr/9.3.0/../../../../../../avr/lib/avr5/crtatmega32.o
                0x0000000000000096                __vector_20
                0x0000000000000096                __vector_12
                0x0000000000000096                __bad_interrupt
                0x0000000000000096                __vector_6
                0x0000000000000096                __vector_3
                0x0000000000000096                __vector_11
                0x0000000000000096                __vector_13
                0x0000000000000096                __vector_17
                0x0000000000000096                __vector_19
                0x0000000000000096                __vector_7
                0x0000000000000096                __vector_5
                0x0000000000000096                __vector_4
                0x0000000000000096                __vector_9
                0x0000000000000096                __vector_2
                0x0000000000000096                __vector_15
                0x0000000000000096                __vector_8
                0x0000000000000096                __vector_14
                0x0000000000000096                __vector_10
                0x0000000000000096                __vector_16
                0x0000000000000096                __vector_18
                0x0000000000000096                __vector_1
 .text          0x000000000000009a       0x70 obj/main.o
                0x000000000000009a                mfrc522_get_card_serial(unsigned char*)
 .text          0x000000000000010a      0x1a4 obj/ATMega32_utility_bib.o
                0x000000000000010a                ADC_read::ADC_read(unsigned char)
                0x000000000000010a                ADC_read::ADC_read(unsigned char)
                0x0000000000000110                ADC_read::adcwert()
                0x0000000000000130                Timer::Timer()
                0x0000000000000130                Timer::Timer()
                0x0000000000000130                Button::Button()
                0x0000000000000130                Button::Button()
                0x0000000000000132                Button::Button_read()
                0x0000000000000198                Timer::Timer_0_Overflow_ISR_init()
                0x00000000000001a8                Timer::Timer_0_Compare_ISR_init()
                0x00000000000001ba                USART::USART(unsigned char, unsigned char, unsigned char, unsigned long)
                0x00000000000001ba                USART::USART(unsigned char, unsigned char, unsigned char, unsigned long)
                0x0000000000000278                USART::UsartInit()
                0x000000000000027a                USART::UsartPutc(unsigned char)
                0x0000000000000282                USART::UsartPuts(char*)
                0x00000000000002a6                USART::UsartGetc()
 .text          0x00000000000002ae      0x164 ./avr-can-rfid-lib/src/librfid_can.a(mcp2515.o)
                0x00000000000002ae                mcp2515_write_register
                0x00000000000002d2                mcp2515_read_register
                0x00000000000002f0                mcp2515_bit_modify
                0x0000000000000320                mcp2515_read_status
                0x0000000000000330                can_init
 .text          0x0000000000000412       0x20 ./avr-can-rfid-lib/src/librfid_can.a(mcp2515_buffer.o)
                0x0000000000000412                can_check_message
                0x000000000000041e                can_check_free_buffer
 .text          0x0000000000000432       0xae ./avr-can-rfid-lib/src/librfid_can.a(mcp2515_get_message.o)
                0x0000000000000432                can_get_message
 .text          0x00000000000004e0       0x9a ./avr-can-rfid-lib/src/librfid_can.a(mcp2515_send_message.o)
                0x00000000000004e0                can_send_message
 .text          0x000000000000057a       0x30 ./avr-can-rfid-lib/src/librfid_can.a(mcp2515_write_id.o)
                0x000000000000057a                mcp2515_write_id
 .text          0x00000000000005aa       0x68 ./avr-can-rfid-lib/src/librfid_can.a(mcp2515_read_id.o)
                0x00000000000005aa                mcp2515_read_id
 .text          0x0000000000000612       0x14 ./avr-can-rfid-lib/src/librfid_can.a(spi.o)
                0x0000000000000612                mcp2515_spi_init
                0x000000000000061c                spi_putc
 .text          0x0000000000000626      0x2ba ./avr-can-rfid-lib/src/librfid_can.a(mfrc522.o)
                0x0000000000000626                mfrc522_write
                0x0000000000000640                mfrc522_read
                0x0000000000000656                mfrc522_reset
                0x000000000000065e                mfrc522_init
                0x00000000000006aa                mfrc522_to_card
                0x000000000000087c                mfrc522_request
 .text          0x00000000000008e0        0x0 /opt/homebrew/Cellar/avr-gcc@9/9.3.0_3/lib/avr-gcc/9/gcc/avr/9.3.0/avr5/libgcc.a(_udivmodsi4.o)
 .text          0x00000000000008e0        0x0 /opt/homebrew/Cellar/avr-gcc@9/9.3.0_3/lib/avr-gcc/9/gcc/avr/9.3.0/avr5/libgcc.a(_exit.o)
 .text          0x00000000000008e0        0x0 /opt/homebrew/Cellar/avr-gcc@9/9.3.0_3/lib/avr-gcc/9/gcc/avr/9.3.0/avr5/libgcc.a(_copy_data.o)
 .text          0x00000000000008e0        0x0 /opt/homebrew/Cellar/avr-gcc@9/9.3.0_3/lib/avr-gcc/9/gcc/avr/9.3.0/../../../../../../avr/lib/avr5/libc.a(sprintf.o)
 .text          0x00000000000008e0        0x0 /opt/homebrew/Cellar/avr-gcc@9/9.3.0_3/lib/avr-gcc/9/gcc/avr/9.3.0/../../../../../../avr/lib/avr5/libc.a(vfprintf_std.o)
 .text          0x00000000000008e0        0x0 /opt/homebrew/Cellar/avr-gcc@9/9.3.0_3/lib/avr-gcc/9/gcc/avr/9.3.0/../../../../../../avr/lib/avr5/libc.a(strnlen_P.o)
 .text          0x00000000000008e0        0x0 /opt/homebrew/Cellar/avr-gcc@9/9.3.0_3/lib/avr-gcc/9/gcc/avr/9.3.0/../../../../../../avr/lib/avr5/libc.a(strnlen.o)
 .text          0x00000000000008e0        0x0 /opt/homebrew/Cellar/avr-gcc@9/9.3.0_3/lib/avr-gcc/9/gcc/avr/9.3.0/../../../../../../avr/lib/avr5/libc.a(fputc.o)
 .text          0x00000000000008e0        0x0 /opt/homebrew/Cellar/avr-gcc@9/9.3.0_3/lib/avr-gcc/9/gcc/avr/9.3.0/../../../../../../avr/lib/avr5/libc.a(ultoa_invert.o)
 .text          0x00000000000008e0        0x0 /opt/homebrew/Cellar/avr-gcc@9/9.3.0_3/lib/avr-gcc/9/gcc/avr/9.3.0/avr5/libgcc.a(_prologue.o)
 .text          0x00000000000008e0        0x0 /opt/homebrew/Cellar/avr-gcc@9/9.3.0_3/lib/avr-gcc/9/gcc/avr/9.3.0/avr5/libgcc.a(_epilogue.o)
                0x00000000000008e0                . = ALIGN (0x2)
 *(.text.*)
 .text.startup  0x00000000000008e0      0x25c obj/main.o
                0x00000000000008e0                main
 .text.libgcc.mul
                0x0000000000000b3c        0x0 /opt/homebrew/Cellar/avr-gcc@9/9.3.0_3/lib/avr-gcc/9/gcc/avr/9.3.0/avr5/libgcc.a(_udivmodsi4.o)
 .text.libgcc.div
                0x0000000000000b3c       0x44 /opt/homebrew/Cellar/avr-gcc@9/9.3.0_3/lib/avr-gcc/9/gcc/avr/9.3.0/avr5/libgcc.a(_udivmodsi4.o)
                0x0000000000000b3c                __udivmodsi4
 .text.libgcc   0x0000000000000b80        0x0 /opt/homebrew/Cellar/avr-gcc@9/9.3.0_3/lib/avr-gcc/9/gcc/avr/9.3.0/avr5/libgcc.a(_udivmodsi4.o)
 .text.libgcc.prologue
                0x0000000000000b80        0x0 /opt/homebrew/Cellar/avr-gcc@9/9.3.0_3/lib/avr-gcc/9/gcc/avr/9.3.0/avr5/libgcc.a(_udivmodsi4.o)
 .text.libgcc.builtins
                0x0000000000000b80        0x0 /opt/homebrew/Cellar/avr-gcc@9/9.3.0_3/lib/avr-gcc/9/gcc/avr/9.3.0/avr5/libgcc.a(_udivmodsi4.o)
 .text.libgcc.fmul
                0x0000000000000b80        0x0 /opt/homebrew/Cellar/avr-gcc@9/9.3.0_3/lib/avr-gcc/9/gcc/avr/9.3.0/avr5/libgcc.a(_udivmodsi4.o)
 .text.libgcc.fixed
                0x0000000000000b80        0x0 /opt/homebrew/Cellar/avr-gcc@9/9.3.0_3/lib/avr-gcc/9/gcc/avr/9.3.0/avr5/libgcc.a(_udivmodsi4.o)
 .text.libgcc.mul
                0x0000000000000b80        0x0 /opt/homebrew/Cellar/avr-gcc@9/9.3.0_3/lib/avr-gcc/9/gcc/avr/9.3.0/avr5/libgcc.a(_exit.o)
 .text.libgcc.div
                0x0000000000000b80        0x0 /opt/homebrew/Cellar/avr-gcc@9/9.3.0_3/lib/avr-gcc/9/gcc/avr/9.3.0/avr5/libgcc.a(_exit.o)
 .text.libgcc   0x0000000000000b80        0x0 /opt/homebrew/Cellar/avr-gcc@9/9.3.0_3/lib/avr-gcc/9/gcc/avr/9.3.0/avr5/libgcc.a(_exit.o)
 .text.libgcc.prologue
                0x0000000000000b80        0x0 /opt/homebrew/Cellar/avr-gcc@9/9.3.0_3/lib/avr-gcc/9/gcc/avr/9.3.0/avr5/libgcc.a(_exit.o)
 .text.libgcc.builtins
                0x0000000000000b80        0x0 /opt/homebrew/Cellar/avr-gcc@9/9.3.0_3/lib/avr-gcc/9/gcc/avr/9.3.0/avr5/libgcc.a(_exit.o)
 .text.libgcc.fmul
                0x0000000000000b80        0x0 /opt/homebrew/Cellar/avr-gcc@9/9.3.0_3/lib/avr-gcc/9/gcc/avr/9.3.0/avr5/libgcc.a(_exit.o)
 .text.libgcc.fixed
                0x0000000000000b80        0x0 /opt/homebrew/Cellar/avr-gcc@9/9.3.0_3/lib/avr-gcc/9/gcc/avr/9.3.0/avr5/libgcc.a(_exit.o)
 .text.libgcc.mul
                0x0000000000000b80        0x0 /opt/homebrew/Cellar/avr-gcc@9/9.3.0_3/lib/avr-gcc/9/gcc/avr/9.3.0/avr5/libgcc.a(_copy_data.o)
 .text.libgcc.div
                0x0000000000000b80        0x0 /opt/homebrew/Cellar/avr-gcc@9/9.3.0_3/lib/avr-gcc/9/gcc/avr/9.3.0/avr5/libgcc.a(_copy_data.o)
 .text.libgcc   0x0000000000000b80        0x0 /opt/homebrew/Cellar/avr-gcc@9/9.3.0_3/lib/avr-gcc/9/gcc/avr/9.3.0/avr5/libgcc.a(_copy_data.o)
 .text.libgcc.prologue
                0x0000000000000b80        0x0 /opt/homebrew/Cellar/avr-gcc@9/9.3.0_3/lib/avr-gcc/9/gcc/avr/9.3.0/avr5/libgcc.a(_copy_data.o)
 .text.libgcc.builtins
                0x0000000000000b80        0x0 /opt/homebrew/Cellar/avr-gcc@9/9.3.0_3/lib/avr-gcc/9/gcc/avr/9.3.0/avr5/libgcc.a(_copy_data.o)
 .text.libgcc.fmul
                0x0000000000000b80        0x0 /opt/homebrew/Cellar/avr-gcc@9/9.3.0_3/lib/avr-gcc/9/gcc/avr/9.3.0/avr5/libgcc.a(_copy_data.o)
 .text.libgcc.fixed
                0x0000000000000b80        0x0 /opt/homebrew/Cellar/avr-gcc@9/9.3.0_3/lib/avr-gcc/9/gcc/avr/9.3.0/avr5/libgcc.a(_copy_data.o)
 .text.avr-libc
                0x0000000000000b80       0x46 /opt/homebrew/Cellar/avr-gcc@9/9.3.0_3/lib/avr-gcc/9/gcc/avr/9.3.0/../../../../../../avr/lib/avr5/libc.a(sprintf.o)
                0x0000000000000b80                sprintf
 .text.avr-libc
                0x0000000000000bc6      0x3b0 /opt/homebrew/Cellar/avr-gcc@9/9.3.0_3/lib/avr-gcc/9/gcc/avr/9.3.0/../../../../../../avr/lib/avr5/libc.a(vfprintf_std.o)
                0x0000000000000bc6                vfprintf
 .text.avr-libc
                0x0000000000000f76       0x16 /opt/homebrew/Cellar/avr-gcc@9/9.3.0_3/lib/avr-gcc/9/gcc/avr/9.3.0/../../../../../../avr/lib/avr5/libc.a(strnlen_P.o)
                0x0000000000000f76                strnlen_P
 .text.avr-libc
                0x0000000000000f8c       0x16 /opt/homebrew/Cellar/avr-gcc@9/9.3.0_3/lib/avr-gcc/9/gcc/avr/9.3.0/../../../../../../avr/lib/avr5/libc.a(strnlen.o)
                0x0000000000000f8c                strnlen
 .text.avr-libc
                0x0000000000000fa2       0x60 /opt/homebrew/Cellar/avr-gcc@9/9.3.0_3/lib/avr-gcc/9/gcc/avr/9.3.0/../../../../../../avr/lib/avr5/libc.a(fputc.o)
                0x0000000000000fa2                fputc
 .text.avr-libc
                0x0000000000001002       0xbc /opt/homebrew/Cellar/avr-gcc@9/9.3.0_3/lib/avr-gcc/9/gcc/avr/9.3.0/../../../../../../avr/lib/avr5/libc.a(ultoa_invert.o)
                0x0000000000001002                __ultoa_invert
 .text.libgcc.mul
                0x00000000000010be        0x0 /opt/homebrew/Cellar/avr-gcc@9/9.3.0_3/lib/avr-gcc/9/gcc/avr/9.3.0/avr5/libgcc.a(_prologue.o)
 .text.libgcc.div
                0x00000000000010be        0x0 /opt/homebrew/Cellar/avr-gcc@9/9.3.0_3/lib/avr-gcc/9/gcc/avr/9.3.0/avr5/libgcc.a(_prologue.o)
 .text.libgcc   0x00000000000010be        0x0 /opt/homebrew/Cellar/avr-gcc@9/9.3.0_3/lib/avr-gcc/9/gcc/avr/9.3.0/avr5/libgcc.a(_prologue.o)
 .text.libgcc.prologue
                0x00000000000010be       0x38 /opt/homebrew/Cellar/avr-gcc@9/9.3.0_3/lib/avr-gcc/9/gcc/avr/9.3.0/avr5/libgcc.a(_prologue.o)
                0x00000000000010be                __prologue_saves__
 .text.libgcc.builtins
                0x00000000000010f6        0x0 /opt/homebrew/Cellar/avr-gcc@9/9.3.0_3/lib/avr-gcc/9/gcc/avr/9.3.0/avr5/libgcc.a(_prologue.o)
 .text.libgcc.fmul
                0x00000000000010f6        0x0 /opt/homebrew/Cellar/avr-gcc@9/9.3.0_3/lib/avr-gcc/9/gcc/avr/9.3.0/avr5/libgcc.a(_prologue.o)
 .text.libgcc.fixed
                0x00000000000010f6        0x0 /opt/homebrew/Cellar/avr-gcc@9/9.3.0_3/lib/avr-gcc/9/gcc/avr/9.3.0/avr5/libgcc.a(_prologue.o)
 .text.libgcc.mul
                0x00000000000010f6        0x0 /opt/homebrew/Cellar/avr-gcc@9/9.3.0_3/lib/avr-gcc/9/gcc/avr/9.3.0/avr5/libgcc.a(_epilogue.o)
 .text.libgcc.div
                0x00000000000010f6        0x0 /opt/homebrew/Cellar/avr-gcc@9/9.3.0_3/lib/avr-gcc/9/gcc/avr/9.3.0/avr5/libgcc.a(_epilogue.o)
 .text.libgcc   0x00000000000010f6        0x0 /opt/homebrew/Cellar/avr-gcc@9/9.3.0_3/lib/avr-gcc/9/gcc/avr/9.3.0/avr5/libgcc.a(_epilogue.o)
 .text.libgcc.prologue
                0x00000000000010f6       0x36 /opt/homebrew/Cellar/avr-gcc@9/9.3.0_3/lib/avr-gcc/9/gcc/avr/9.3.0/avr5/libgcc.a(_epilogue.o)
                0x00000000000010f6                __epilogue_restores__
 .text.libgcc.builtins
                0x000000000000112c        0x0 /opt/homebrew/Cellar/avr-gcc@9/9.3.0_3/lib/avr-gcc/9/gcc/avr/9.3.0/avr5/libgcc.a(_epilogue.o)
 .text.libgcc.fmul
                0x000000000000112c        0x0 /opt/homebrew/Cellar/avr-gcc@9/9.3.0_3/lib/avr-gcc/9/gcc/avr/9.3.0/avr5/libgcc.a(_epilogue.o)
 .text.libgcc.fixed
                0x000000000000112c        0x0 /opt/homebrew/Cellar/avr-gcc@9/9.3.0_3/lib/avr-gcc/9/gcc/avr/9.3.0/avr5/libgcc.a(_epilogue.o)
                0x000000000000112c                . = ALIGN (0x2)
 *(.fini9)
 .fini9         0x000000000000112c        0x0 /opt/homebrew/Cellar/avr-gcc@9/9.3.0_3/lib/avr-gcc/9/gcc/avr/9.3.0/avr5/libgcc.a(_exit.o)
                0x000000000000112c                exit
                0x000000000000112c                _exit
 *(.fini9)
 *(.fini8)
 *(.fini8)
 *(.fini7)
 *(.fini7)
 *(.fini6)
 *(.fini6)
 *(.fini5)
 *(.fini5)
 *(.fini4)
 *(.fini4)
 *(.fini3)
 *(.fini3)
 *(.fini2)
 *(.fini2)
 *(.fini1)
 *(.fini1)
 *(.fini0)
 .fini0         0x000000000000112c        0x4 /opt/homebrew/Cellar/avr-gcc@9/9.3.0_3/lib/avr-gcc/9/gcc/avr/9.3.0/avr5/libgcc.a(_exit.o)
 *(.fini0)
 *(.hightext)
 *(.hightext*)
 *(.progmemx.*)
                0x0000000000001130                . = ALIGN (0x2)
 *(.jumptables)
 *(.jumptables*)
                0x0000000000001130                _etext = .

.data           0x0000000000800060       0xbe load address 0x0000000000001130
                0x0000000000800060                PROVIDE (__data_start = .)
 *(.data)
 .data          0x0000000000800060        0x0 /opt/homebrew/Cellar/avr-gcc@9/9.3.0_3/lib/avr-gcc/9/gcc/avr/9.3.0/../../../../../../avr/lib/avr5/crtatmega32.o
 .data          0x0000000000800060        0x0 obj/main.o
 .data          0x0000000000800060        0x0 obj/ATMega32_utility_bib.o
 .data          0x0000000000800060        0x0 ./avr-can-rfid-lib/src/librfid_can.a(mcp2515.o)
 .data          0x0000000000800060        0x0 ./avr-can-rfid-lib/src/librfid_can.a(mcp2515_buffer.o)
 .data          0x0000000000800060        0x0 ./avr-can-rfid-lib/src/librfid_can.a(mcp2515_get_message.o)
 .data          0x0000000000800060        0x0 ./avr-can-rfid-lib/src/librfid_can.a(mcp2515_send_message.o)
 .data          0x0000000000800060        0x0 ./avr-can-rfid-lib/src/librfid_can.a(mcp2515_write_id.o)
 .data          0x0000000000800060        0x0 ./avr-can-rfid-lib/src/librfid_can.a(mcp2515_read_id.o)
 .data          0x0000000000800060        0x0 ./avr-can-rfid-lib/src/librfid_can.a(spi.o)
 .data          0x0000000000800060        0x0 ./avr-can-rfid-lib/src/librfid_can.a(mfrc522.o)
 .data          0x0000000000800060        0x0 /opt/homebrew/Cellar/avr-gcc@9/9.3.0_3/lib/avr-gcc/9/gcc/avr/9.3.0/avr5/libgcc.a(_udivmodsi4.o)
 .data          0x0000000000800060        0x0 /opt/homebrew/Cellar/avr-gcc@9/9.3.0_3/lib/avr-gcc/9/gcc/avr/9.3.0/avr5/libgcc.a(_exit.o)
 .data          0x0000000000800060        0x0 /opt/homebrew/Cellar/avr-gcc@9/9.3.0_3/lib/avr-gcc/9/gcc/avr/9.3.0/avr5/libgcc.a(_copy_data.o)
 .data          0x0000000000800060        0x0 /opt/homebrew/Cellar/avr-gcc@9/9.3.0_3/lib/avr-gcc/9/gcc/avr/9.3.0/../../../../../../avr/lib/avr5/libc.a(sprintf.o)
 .data          0x0000000000800060        0x0 /opt/homebrew/Cellar/avr-gcc@9/9.3.0_3/lib/avr-gcc/9/gcc/avr/9.3.0/../../../../../../avr/lib/avr5/libc.a(vfprintf_std.o)
 .data          0x0000000000800060        0x0 /opt/homebrew/Cellar/avr-gcc@9/9.3.0_3/lib/avr-gcc/9/gcc/avr/9.3.0/../../../../../../avr/lib/avr5/libc.a(strnlen_P.o)
 .data          0x0000000000800060        0x0 /opt/homebrew/Cellar/avr-gcc@9/9.3.0_3/lib/avr-gcc/9/gcc/avr/9.3.0/../../../../../../avr/lib/avr5/libc.a(strnlen.o)
 .data          0x0000000000800060        0x0 /opt/homebrew/Cellar/avr-gcc@9/9.3.0_3/lib/avr-gcc/9/gcc/avr/9.3.0/../../../../../../avr/lib/avr5/libc.a(fputc.o)
 .data          0x0000000000800060        0x0 /opt/homebrew/Cellar/avr-gcc@9/9.3.0_3/lib/avr-gcc/9/gcc/avr/9.3.0/../../../../../../avr/lib/avr5/libc.a(ultoa_invert.o)
 .data          0x0000000000800060        0x0 /opt/homebrew/Cellar/avr-gcc@9/9.3.0_3/lib/avr-gcc/9/gcc/avr/9.3.0/avr5/libgcc.a(_prologue.o)
 .data          0x0000000000800060        0x0 /opt/homebrew/Cellar/avr-gcc@9/9.3.0_3/lib/avr-gcc/9/gcc/avr/9.3.0/avr5/libgcc.a(_epilogue.o)
 *(.data*)
 *(.gnu.linkonce.d*)
 *(.rodata)
 *(.rodata*)
 .rodata.str1.1
                0x0000000000800060       0xbe obj/main.o
 *(.gnu.linkonce.r*)
                0x000000000080011e                . = ALIGN (0x2)
                0x000000000080011e                _edata = .
                0x000000000080011e                PROVIDE (__data_end = .)

.bss            0x000000000080011e        0x0
                [!provide]                        PROVIDE (__bss_start = .)
 *(.bss)
 .bss           0x000000000080011e        0x0 /opt/homebrew/Cellar/avr-gcc@9/9.3.0_3/lib/avr-gcc/9/gcc/avr/9.3.0/../../../../../../avr/lib/avr5/crtatmega32.o
 .bss           0x000000000080011e        0x0 obj/main.o
 .bss           0x000000000080011e        0x0 obj/ATMega32_utility_bib.o
 .bss           0x000000000080011e        0x0 ./avr-can-rfid-lib/src/librfid_can.a(mcp2515.o)
 .bss           0x000000000080011e        0x0 ./avr-can-rfid-lib/src/librfid_can.a(mcp2515_buffer.o)
 .bss           0x000000000080011e        0x0 ./avr-can-rfid-lib/src/librfid_can.a(mcp2515_get_message.o)
 .bss           0x000000000080011e        0x0 ./avr-can-rfid-lib/src/librfid_can.a(mcp2515_send_message.o)
 .bss           0x000000000080011e        0x0 ./avr-can-rfid-lib/src/librfid_can.a(mcp2515_write_id.o)
 .bss           0x000000000080011e        0x0 ./avr-can-rfid-lib/src/librfid_can.a(mcp2515_read_id.o)
 .bss           0x000000000080011e        0x0 ./avr-can-rfid-lib/src/librfid_can.a(spi.o)
 .bss           0x000000000080011e        0x0 ./avr-can-rfid-lib/src/librfid_can.a(mfrc522.o)
 .bss           0x000000000080011e        0x0 /opt/homebrew/Cellar/avr-gcc@9/9.3.0_3/lib/avr-gcc/9/gcc/avr/9.3.0/avr5/libgcc.a(_udivmodsi4.o)
 .bss           0x000000000080011e        0x0 /opt/homebrew/Cellar/avr-gcc@9/9.3.0_3/lib/avr-gcc/9/gcc/avr/9.3.0/avr5/libgcc.a(_exit.o)
 .bss           0x000000000080011e        0x0 /opt/homebrew/Cellar/avr-gcc@9/9.3.0_3/lib/avr-gcc/9/gcc/avr/9.3.0/avr5/libgcc.a(_copy_data.o)
 .bss           0x000000000080011e        0x0 /opt/homebrew/Cellar/avr-gcc@9/9.3.0_3/lib/avr-gcc/9/gcc/avr/9.3.0/../../../../../../avr/lib/avr5/libc.a(sprintf.o)
 .bss           0x000000000080011e        0x0 /opt/homebrew/Cellar/avr-gcc@9/9.3.0_3/lib/avr-gcc/9/gcc/avr/9.3.0/../../../../../../avr/lib/avr5/libc.a(vfprintf_std.o)
 .bss           0x000000000080011e        0x0 /opt/homebrew/Cellar/avr-gcc@9/9.3.0_3/lib/avr-gcc/9/gcc/avr/9.3.0/../../../../../../avr/lib/avr5/libc.a(strnlen_P.o)
 .bss           0x000000000080011e        0x0 /opt/homebrew/Cellar/avr-gcc@9/9.3.0_3/lib/avr-gcc/9/gcc/avr/9.3.0/../../../../../../avr/lib/avr5/libc.a(strnlen.o)
 .bss           0x000000000080011e        0x0 /opt/homebrew/Cellar/avr-gcc@9/9.3.0_3/lib/avr-gcc/9/gcc/avr/9.3.0/../../../../../../avr/lib/avr5/libc.a(fputc.o)
 .bss           0x000000000080011e        0x0 /opt/homebrew/Cellar/avr-gcc@9/9.3.0_3/lib/avr-gcc/9/gcc/avr/9.3.0/../../../../../../avr/lib/avr5/libc.a(ultoa_invert.o)
 .bss           0x000000000080011e        0x0 /opt/homebrew/Cellar/avr-gcc@9/9.3.0_3/lib/avr-gcc/9/gcc/avr/9.3.0/avr5/libgcc.a(_prologue.o)
 .bss           0x000000000080011e        0x0 /opt/homebrew/Cellar/avr-gcc@9/9.3.0_3/lib/avr-gcc/9/gcc/avr/9.3.0/avr5/libgcc.a(_epilogue.o)
 *(.bss*)
 *(COMMON)
                [!provide]                        PROVIDE (__bss_end = .)
                0x0000000000001130                __data_load_start = LOADADDR (.data)
                0x00000000000011ee                __data_load_end = (__data_load_start + SIZEOF (.data))

.noinit         0x000000000080011e        0x0
                [!provide]                        PROVIDE (__noinit_start = .)
 *(.noinit .noinit.* .gnu.linkonce.n.*)
                [!provide]                        PROVIDE (__noinit_end = .)
                0x000000000080011e                _end = .
                [!provide]                        PROVIDE (__heap_start = .)

.eeprom         0x0000000000810000        0x0
 *(.eeprom*)
                0x0000000000810000                __eeprom_end = .

.fuse
 *(.fuse)
 *(.lfuse)
 *(.hfuse)
 *(.efuse)

.lock
 *(.lock*)

.signature
 *(.signature*)

.stab
 *(.stab)

.stabstr
 *(.stabstr)

.stab.excl
 *(.stab.excl)

.stab.exclstr
 *(.stab.exclstr)

.stab.index
 *(.stab.index)

.stab.indexstr
 *(.stab.indexstr)

.comment        0x0000000000000000       0x37
 *(.comment)
 .comment       0x0000000000000000       0x26 obj/main.o
                                         0x27 (size before relaxing)
 .comment       0x0000000000000026       0x27 obj/ATMega32_utility_bib.o
 .comment       0x0000000000000026       0x11 ./avr-can-rfid-lib/src/librfid_can.a(mcp2515.o)
                                         0x12 (size before relaxing)
 .comment       0x0000000000000037       0x12 ./avr-can-rfid-lib/src/librfid_can.a(mcp2515_buffer.o)
 .comment       0x0000000000000037       0x12 ./avr-can-rfid-lib/src/librfid_can.a(mcp2515_get_message.o)
 .comment       0x0000000000000037       0x12 ./avr-can-rfid-lib/src/librfid_can.a(mcp2515_send_message.o)
 .comment       0x0000000000000037       0x12 ./avr-can-rfid-lib/src/librfid_can.a(mcp2515_write_id.o)
 .comment       0x0000000000000037       0x12 ./avr-can-rfid-lib/src/librfid_can.a(mcp2515_read_id.o)
 .comment       0x0000000000000037       0x12 ./avr-can-rfid-lib/src/librfid_can.a(spi.o)
 .comment       0x0000000000000037       0x12 ./avr-can-rfid-lib/src/librfid_can.a(mfrc522.o)
 .comment       0x0000000000000037       0x27 /opt/homebrew/Cellar/avr-gcc@9/9.3.0_3/lib/avr-gcc/9/gcc/avr/9.3.0/../../../../../../avr/lib/avr5/libc.a(sprintf.o)
 .comment       0x0000000000000037       0x27 /opt/homebrew/Cellar/avr-gcc@9/9.3.0_3/lib/avr-gcc/9/gcc/avr/9.3.0/../../../../../../avr/lib/avr5/libc.a(vfprintf_std.o)
 .comment       0x0000000000000037       0x27 /opt/homebrew/Cellar/avr-gcc@9/9.3.0_3/lib/avr-gcc/9/gcc/avr/9.3.0/../../../../../../avr/lib/avr5/libc.a(fputc.o)

.note.gnu.avr.deviceinfo
                0x0000000000000000       0x3c
 .note.gnu.avr.deviceinfo
                0x0000000000000000       0x3c /opt/homebrew/Cellar/avr-gcc@9/9.3.0_3/lib/avr-gcc/9/gcc/avr/9.3.0/../../../../../../avr/lib/avr5/crtatmega32.o

.note.gnu.build-id
 *(.note.gnu.build-id)

.debug
 *(.debug)

.line
 *(.line)

.debug_srcinfo
 *(.debug_srcinfo)

.debug_sfnames
 *(.debug_sfnames)

.debug_aranges  0x0000000000000000      0x1e8
 *(.debug_aranges)
 .debug_aranges
                0x0000000000000000       0x28 obj/main.o
 .debug_aranges
                0x0000000000000028       0x20 obj/ATMega32_utility_bib.o
 .debug_aranges
                0x0000000000000048       0x20 ./avr-can-rfid-lib/src/librfid_can.a(mcp2515.o)
 .debug_aranges
                0x0000000000000068       0x20 ./avr-can-rfid-lib/src/librfid_can.a(mcp2515_buffer.o)
 .debug_aranges
                0x0000000000000088       0x20 ./avr-can-rfid-lib/src/librfid_can.a(mcp2515_get_message.o)
 .debug_aranges
                0x00000000000000a8       0x20 ./avr-can-rfid-lib/src/librfid_can.a(mcp2515_send_message.o)
 .debug_aranges
                0x00000000000000c8       0x20 ./avr-can-rfid-lib/src/librfid_can.a(mcp2515_write_id.o)
 .debug_aranges
                0x00000000000000e8       0x20 ./avr-can-rfid-lib/src/librfid_can.a(mcp2515_read_id.o)
 .debug_aranges
                0x0000000000000108       0x20 ./avr-can-rfid-lib/src/librfid_can.a(spi.o)
 .debug_aranges
                0x0000000000000128       0x20 ./avr-can-rfid-lib/src/librfid_can.a(mfrc522.o)
 .debug_aranges
                0x0000000000000148       0x20 /opt/homebrew/Cellar/avr-gcc@9/9.3.0_3/lib/avr-gcc/9/gcc/avr/9.3.0/avr5/libgcc.a(_udivmodsi4.o)
 .debug_aranges
                0x0000000000000168       0x20 /opt/homebrew/Cellar/avr-gcc@9/9.3.0_3/lib/avr-gcc/9/gcc/avr/9.3.0/avr5/libgcc.a(_exit.o)
 .debug_aranges
                0x0000000000000188       0x20 /opt/homebrew/Cellar/avr-gcc@9/9.3.0_3/lib/avr-gcc/9/gcc/avr/9.3.0/avr5/libgcc.a(_copy_data.o)
 .debug_aranges
                0x00000000000001a8       0x20 /opt/homebrew/Cellar/avr-gcc@9/9.3.0_3/lib/avr-gcc/9/gcc/avr/9.3.0/avr5/libgcc.a(_prologue.o)
 .debug_aranges
                0x00000000000001c8       0x20 /opt/homebrew/Cellar/avr-gcc@9/9.3.0_3/lib/avr-gcc/9/gcc/avr/9.3.0/avr5/libgcc.a(_epilogue.o)

.debug_pubnames
 *(.debug_pubnames)

.debug_info     0x0000000000000000     0x2a7d
 *(.debug_info .gnu.linkonce.wi.*)
 .debug_info    0x0000000000000000      0x4e6 /opt/homebrew/Cellar/avr-gcc@9/9.3.0_3/lib/avr-gcc/9/gcc/avr/9.3.0/../../../../../../avr/lib/avr5/crtatmega32.o
 .debug_info    0x00000000000004e6      0x8f6 obj/main.o
 .debug_info    0x0000000000000ddc      0x7ea obj/ATMega32_utility_bib.o
 .debug_info    0x00000000000015c6      0x52d ./avr-can-rfid-lib/src/librfid_can.a(mcp2515.o)
 .debug_info    0x0000000000001af3       0xe3 ./avr-can-rfid-lib/src/librfid_can.a(mcp2515_buffer.o)
 .debug_info    0x0000000000001bd6      0x257 ./avr-can-rfid-lib/src/librfid_can.a(mcp2515_get_message.o)
 .debug_info    0x0000000000001e2d      0x2b1 ./avr-can-rfid-lib/src/librfid_can.a(mcp2515_send_message.o)
 .debug_info    0x00000000000020de      0x150 ./avr-can-rfid-lib/src/librfid_can.a(mcp2515_write_id.o)
 .debug_info    0x000000000000222e      0x1ac ./avr-can-rfid-lib/src/librfid_can.a(mcp2515_read_id.o)
 .debug_info    0x00000000000023da       0xb7 ./avr-can-rfid-lib/src/librfid_can.a(spi.o)
 .debug_info    0x0000000000002491      0x52e ./avr-can-rfid-lib/src/librfid_can.a(mfrc522.o)
 .debug_info    0x00000000000029bf       0x26 /opt/homebrew/Cellar/avr-gcc@9/9.3.0_3/lib/avr-gcc/9/gcc/avr/9.3.0/avr5/libgcc.a(_udivmodsi4.o)
 .debug_info    0x00000000000029e5       0x26 /opt/homebrew/Cellar/avr-gcc@9/9.3.0_3/lib/avr-gcc/9/gcc/avr/9.3.0/avr5/libgcc.a(_exit.o)
 .debug_info    0x0000000000002a0b       0x26 /opt/homebrew/Cellar/avr-gcc@9/9.3.0_3/lib/avr-gcc/9/gcc/avr/9.3.0/avr5/libgcc.a(_copy_data.o)
 .debug_info    0x0000000000002a31       0x26 /opt/homebrew/Cellar/avr-gcc@9/9.3.0_3/lib/avr-gcc/9/gcc/avr/9.3.0/avr5/libgcc.a(_prologue.o)
 .debug_info    0x0000000000002a57       0x26 /opt/homebrew/Cellar/avr-gcc@9/9.3.0_3/lib/avr-gcc/9/gcc/avr/9.3.0/avr5/libgcc.a(_epilogue.o)

.debug_abbrev   0x0000000000000000     0x1438
 *(.debug_abbrev)
 .debug_abbrev  0x0000000000000000      0x4a3 /opt/homebrew/Cellar/avr-gcc@9/9.3.0_3/lib/avr-gcc/9/gcc/avr/9.3.0/../../../../../../avr/lib/avr5/crtatmega32.o
 .debug_abbrev  0x00000000000004a3      0x32c obj/main.o
 .debug_abbrev  0x00000000000007cf      0x2f4 obj/ATMega32_utility_bib.o
 .debug_abbrev  0x0000000000000ac3      0x1bb ./avr-can-rfid-lib/src/librfid_can.a(mcp2515.o)
 .debug_abbrev  0x0000000000000c7e       0xa5 ./avr-can-rfid-lib/src/librfid_can.a(mcp2515_buffer.o)
 .debug_abbrev  0x0000000000000d23      0x127 ./avr-can-rfid-lib/src/librfid_can.a(mcp2515_get_message.o)
 .debug_abbrev  0x0000000000000e4a      0x196 ./avr-can-rfid-lib/src/librfid_can.a(mcp2515_send_message.o)
 .debug_abbrev  0x0000000000000fe0      0x11b ./avr-can-rfid-lib/src/librfid_can.a(mcp2515_write_id.o)
 .debug_abbrev  0x00000000000010fb      0x11b ./avr-can-rfid-lib/src/librfid_can.a(mcp2515_read_id.o)
 .debug_abbrev  0x0000000000001216       0x78 ./avr-can-rfid-lib/src/librfid_can.a(spi.o)
 .debug_abbrev  0x000000000000128e      0x146 ./avr-can-rfid-lib/src/librfid_can.a(mfrc522.o)
 .debug_abbrev  0x00000000000013d4       0x14 /opt/homebrew/Cellar/avr-gcc@9/9.3.0_3/lib/avr-gcc/9/gcc/avr/9.3.0/avr5/libgcc.a(_udivmodsi4.o)
 .debug_abbrev  0x00000000000013e8       0x14 /opt/homebrew/Cellar/avr-gcc@9/9.3.0_3/lib/avr-gcc/9/gcc/avr/9.3.0/avr5/libgcc.a(_exit.o)
 .debug_abbrev  0x00000000000013fc       0x14 /opt/homebrew/Cellar/avr-gcc@9/9.3.0_3/lib/avr-gcc/9/gcc/avr/9.3.0/avr5/libgcc.a(_copy_data.o)
 .debug_abbrev  0x0000000000001410       0x14 /opt/homebrew/Cellar/avr-gcc@9/9.3.0_3/lib/avr-gcc/9/gcc/avr/9.3.0/avr5/libgcc.a(_prologue.o)
 .debug_abbrev  0x0000000000001424       0x14 /opt/homebrew/Cellar/avr-gcc@9/9.3.0_3/lib/avr-gcc/9/gcc/avr/9.3.0/avr5/libgcc.a(_epilogue.o)

.debug_line     0x0000000000000000     0x1a7c
 *(.debug_line .debug_line.* .debug_line_end)
 .debug_line    0x0000000000000000       0x1d /opt/homebrew/Cellar/avr-gcc@9/9.3.0_3/lib/avr-gcc/9/gcc/avr/9.3.0/../../../../../../avr/lib/avr5/crtatmega32.o
 .debug_line    0x000000000000001d      0x598 obj/main.o
 .debug_line    0x00000000000005b5      0x6ac obj/ATMega32_utility_bib.o
 .debug_line    0x0000000000000c61      0x221 ./avr-can-rfid-lib/src/librfid_can.a(mcp2515.o)
 .debug_line    0x0000000000000e82       0x92 ./avr-can-rfid-lib/src/librfid_can.a(mcp2515_buffer.o)
 .debug_line    0x0000000000000f14      0x150 ./avr-can-rfid-lib/src/librfid_can.a(mcp2515_get_message.o)
 .debug_line    0x0000000000001064      0x176 ./avr-can-rfid-lib/src/librfid_can.a(mcp2515_send_message.o)
 .debug_line    0x00000000000011da       0x9f ./avr-can-rfid-lib/src/librfid_can.a(mcp2515_write_id.o)
 .debug_line    0x0000000000001279       0xe2 ./avr-can-rfid-lib/src/librfid_can.a(mcp2515_read_id.o)
 .debug_line    0x000000000000135b       0x83 ./avr-can-rfid-lib/src/librfid_can.a(spi.o)
 .debug_line    0x00000000000013de      0x291 ./avr-can-rfid-lib/src/librfid_can.a(mfrc522.o)
 .debug_line    0x000000000000166f      0x121 /opt/homebrew/Cellar/avr-gcc@9/9.3.0_3/lib/avr-gcc/9/gcc/avr/9.3.0/avr5/libgcc.a(_udivmodsi4.o)
 .debug_line    0x0000000000001790       0x61 /opt/homebrew/Cellar/avr-gcc@9/9.3.0_3/lib/avr-gcc/9/gcc/avr/9.3.0/avr5/libgcc.a(_exit.o)
 .debug_line    0x00000000000017f1       0x97 /opt/homebrew/Cellar/avr-gcc@9/9.3.0_3/lib/avr-gcc/9/gcc/avr/9.3.0/avr5/libgcc.a(_copy_data.o)
 .debug_line    0x0000000000001888       0xfd /opt/homebrew/Cellar/avr-gcc@9/9.3.0_3/lib/avr-gcc/9/gcc/avr/9.3.0/avr5/libgcc.a(_prologue.o)
 .debug_line    0x0000000000001985       0xf7 /opt/homebrew/Cellar/avr-gcc@9/9.3.0_3/lib/avr-gcc/9/gcc/avr/9.3.0/avr5/libgcc.a(_epilogue.o)

.debug_frame    0x0000000000000000      0x480
 *(.debug_frame)
 .debug_frame   0x0000000000000000       0x60 obj/main.o
 .debug_frame   0x0000000000000060      0x110 obj/ATMega32_utility_bib.o
 .debug_frame   0x0000000000000170       0xb0 ./avr-can-rfid-lib/src/librfid_can.a(mcp2515.o)
 .debug_frame   0x0000000000000220       0x34 ./avr-can-rfid-lib/src/librfid_can.a(mcp2515_buffer.o)
 .debug_frame   0x0000000000000254       0x48 ./avr-can-rfid-lib/src/librfid_can.a(mcp2515_get_message.o)
 .debug_frame   0x000000000000029c       0x44 ./avr-can-rfid-lib/src/librfid_can.a(mcp2515_send_message.o)
 .debug_frame   0x00000000000002e0       0x24 ./avr-can-rfid-lib/src/librfid_can.a(mcp2515_write_id.o)
 .debug_frame   0x0000000000000304       0x38 ./avr-can-rfid-lib/src/librfid_can.a(mcp2515_read_id.o)
 .debug_frame   0x000000000000033c       0x34 ./avr-can-rfid-lib/src/librfid_can.a(spi.o)
 .debug_frame   0x0000000000000370      0x110 ./avr-can-rfid-lib/src/librfid_can.a(mfrc522.o)

.debug_str      0x0000000000000000      0xb2d
 *(.debug_str)
 .debug_str     0x0000000000000000      0x196 /opt/homebrew/Cellar/avr-gcc@9/9.3.0_3/lib/avr-gcc/9/gcc/avr/9.3.0/../../../../../../avr/lib/avr5/crtatmega32.o
 .debug_str     0x0000000000000196      0x47e obj/main.o
                                        0x507 (size before relaxing)
 .debug_str     0x0000000000000614      0x1b6 obj/ATMega32_utility_bib.o
                                        0x4b1 (size before relaxing)
 .debug_str     0x00000000000007ca      0x18c ./avr-can-rfid-lib/src/librfid_can.a(mcp2515.o)
                                        0x2f3 (size before relaxing)
 .debug_str     0x0000000000000956       0x27 ./avr-can-rfid-lib/src/librfid_can.a(mcp2515_buffer.o)
                                        0x19e (size before relaxing)
 .debug_str     0x000000000000097d       0x2b ./avr-can-rfid-lib/src/librfid_can.a(mcp2515_get_message.o)
                                        0x1d7 (size before relaxing)
 .debug_str     0x00000000000009a8       0x3f ./avr-can-rfid-lib/src/librfid_can.a(mcp2515_send_message.o)
                                        0x215 (size before relaxing)
 .debug_str     0x00000000000009e7       0x26 ./avr-can-rfid-lib/src/librfid_can.a(mcp2515_write_id.o)
                                        0x192 (size before relaxing)
 .debug_str     0x0000000000000a0d       0x18 ./avr-can-rfid-lib/src/librfid_can.a(mcp2515_read_id.o)
                                        0x196 (size before relaxing)
 .debug_str     0x0000000000000a25        0x6 ./avr-can-rfid-lib/src/librfid_can.a(spi.o)
                                        0x169 (size before relaxing)
 .debug_str     0x0000000000000a2b       0x7f ./avr-can-rfid-lib/src/librfid_can.a(mfrc522.o)
                                        0x229 (size before relaxing)
 .debug_str     0x0000000000000aaa       0x83 /opt/homebrew/Cellar/avr-gcc@9/9.3.0_3/lib/avr-gcc/9/gcc/avr/9.3.0/avr5/libgcc.a(_udivmodsi4.o)
 .debug_str     0x0000000000000b2d       0x83 /opt/homebrew/Cellar/avr-gcc@9/9.3.0_3/lib/avr-gcc/9/gcc/avr/9.3.0/avr5/libgcc.a(_exit.o)
 .debug_str     0x0000000000000b2d       0x83 /opt/homebrew/Cellar/avr-gcc@9/9.3.0_3/lib/avr-gcc/9/gcc/avr/9.3.0/avr5/libgcc.a(_copy_data.o)
 .debug_str     0x0000000000000b2d       0x83 /opt/homebrew/Cellar/avr-gcc@9/9.3.0_3/lib/avr-gcc/9/gcc/avr/9.3.0/avr5/libgcc.a(_prologue.o)
 .debug_str     0x0000000000000b2d       0x83 /opt/homebrew/Cellar/avr-gcc@9/9.3.0_3/lib/avr-gcc/9/gcc/avr/9.3.0/avr5/libgcc.a(_epilogue.o)

.debug_loc      0x0000000000000000     0x1405
 *(.debug_loc)
 .debug_loc     0x0000000000000000      0x204 obj/main.o
 .debug_loc     0x0000000000000204      0x528 obj/ATMega32_utility_bib.o
 .debug_loc     0x000000000000072c      0x3e8 ./avr-can-rfid-lib/src/librfid_can.a(mcp2515.o)
 .debug_loc     0x0000000000000b14       0x13 ./avr-can-rfid-lib/src/librfid_can.a(mcp2515_buffer.o)
 .debug_loc     0x0000000000000b27      0x132 ./avr-can-rfid-lib/src/librfid_can.a(mcp2515_get_message.o)
 .debug_loc     0x0000000000000c59      0x15e ./avr-can-rfid-lib/src/librfid_can.a(mcp2515_send_message.o)
 .debug_loc     0x0000000000000db7       0x5c ./avr-can-rfid-lib/src/librfid_can.a(mcp2515_write_id.o)
 .debug_loc     0x0000000000000e13       0xcd ./avr-can-rfid-lib/src/librfid_can.a(mcp2515_read_id.o)
 .debug_loc     0x0000000000000ee0       0x1f ./avr-can-rfid-lib/src/librfid_can.a(spi.o)
 .debug_loc     0x0000000000000eff      0x506 ./avr-can-rfid-lib/src/librfid_can.a(mfrc522.o)

.debug_macinfo
 *(.debug_macinfo)

.debug_weaknames
 *(.debug_weaknames)

.debug_funcnames
 *(.debug_funcnames)

.debug_typenames
 *(.debug_typenames)

.debug_varnames
 *(.debug_varnames)

.debug_pubtypes
 *(.debug_pubtypes)

.debug_ranges   0x0000000000000000       0x30
 *(.debug_ranges)
 .debug_ranges  0x0000000000000000       0x30 obj/main.o

.debug_addr
 *(.debug_addr)

.debug_line_str
 *(.debug_line_str)

.debug_loclists
 *(.debug_loclists)

.debug_macro
 *(.debug_macro)

.debug_names
 *(.debug_names)

.debug_rnglists
 *(.debug_rnglists)

.debug_str_offsets
 *(.debug_str_offsets)

.debug_sup
 *(.debug_sup)
OUTPUT(main.elf elf32-avr)
LOAD linker stubs

Cross Reference Table

Symbol                                            File
ADC_read::ADC_read(unsigned char)                 obj/ATMega32_utility_bib.o
ADC_read::ADC_read(unsigned char)                 obj/ATMega32_utility_bib.o
ADC_read::adcwert()                               obj/ATMega32_utility_bib.o
Button::Button()                                  obj/ATMega32_utility_bib.o
Button::Button()                                  obj/ATMega32_utility_bib.o
Button::Button_read()                             obj/ATMega32_utility_bib.o
Timer::Timer()                                    obj/ATMega32_utility_bib.o
Timer::Timer()                                    obj/ATMega32_utility_bib.o
Timer::Timer_0_Compare_ISR_init()                 obj/ATMega32_utility_bib.o
Timer::Timer_0_Overflow_ISR_init()                obj/ATMega32_utility_bib.o
USART::USART(unsigned char, unsigned char, unsigned char, unsigned long) obj/ATMega32_utility_bib.o
                                                  obj/main.o
USART::USART(unsigned char, unsigned char, unsigned char, unsigned long) obj/ATMega32_utility_bib.o
USART::UsartGetc()                                obj/ATMega32_utility_bib.o
USART::UsartInit()                                obj/ATMega32_utility_bib.o
USART::UsartPutc(unsigned char)                   obj/ATMega32_utility_bib.o
USART::UsartPuts(char*)                           obj/ATMega32_utility_bib.o
                                                  obj/main.o
__bad_interrupt                                   /opt/homebrew/Cellar/avr-gcc@9/9.3.0_3/lib/avr-gcc/9/gcc/avr/9.3.0/../../../../../../avr/lib/avr5/crtatmega32.o
__data_end                                        /opt/homebrew/Cellar/avr-gcc@9/9.3.0_3/lib/avr-gcc/9/gcc/avr/9.3.0/avr5/libgcc.a(_copy_data.o)
__data_load_start                                 /opt/homebrew/Cellar/avr-gcc@9/9.3.0_3/lib/avr-gcc/9/gcc/avr/9.3.0/avr5/libgcc.a(_copy_data.o)
__data_start                                      /opt/homebrew/Cellar/avr-gcc@9/9.3.0_3/lib/avr-gcc/9/gcc/avr/9.3.0/avr5/libgcc.a(_copy_data.o)
__do_copy_data                                    /opt/homebrew/Cellar/avr-gcc@9/9.3.0_3/lib/avr-gcc/9/gcc/avr/9.3.0/avr5/libgcc.a(_copy_data.o)
                                                  obj/main.o
__epilogue_restores__                             /opt/homebrew/Cellar/avr-gcc@9/9.3.0_3/lib/avr-gcc/9/gcc/avr/9.3.0/avr5/libgcc.a(_epilogue.o)
                                                  /opt/homebrew/Cellar/avr-gcc@9/9.3.0_3/lib/avr-gcc/9/gcc/avr/9.3.0/../../../../../../avr/lib/avr5/libc.a(vfprintf_std.o)
                                                  /opt/homebrew/Cellar/avr-gcc@9/9.3.0_3/lib/avr-gcc/9/gcc/avr/9.3.0/../../../../../../avr/lib/avr5/libc.a(sprintf.o)
__heap_end                                        /opt/homebrew/Cellar/avr-gcc@9/9.3.0_3/lib/avr-gcc/9/gcc/avr/9.3.0/../../../../../../avr/lib/avr5/crtatmega32.o
__init                                            /opt/homebrew/Cellar/avr-gcc@9/9.3.0_3/lib/avr-gcc/9/gcc/avr/9.3.0/../../../../../../avr/lib/avr5/crtatmega32.o
__prologue_saves__                                /opt/homebrew/Cellar/avr-gcc@9/9.3.0_3/lib/avr-gcc/9/gcc/avr/9.3.0/avr5/libgcc.a(_prologue.o)
                                                  /opt/homebrew/Cellar/avr-gcc@9/9.3.0_3/lib/avr-gcc/9/gcc/avr/9.3.0/../../../../../../avr/lib/avr5/libc.a(vfprintf_std.o)
                                                  /opt/homebrew/Cellar/avr-gcc@9/9.3.0_3/lib/avr-gcc/9/gcc/avr/9.3.0/../../../../../../avr/lib/avr5/libc.a(sprintf.o)
__stack                                           /opt/homebrew/Cellar/avr-gcc@9/9.3.0_3/lib/avr-gcc/9/gcc/avr/9.3.0/../../../../../../avr/lib/avr5/crtatmega32.o
__udivmodsi4                                      /opt/homebrew/Cellar/avr-gcc@9/9.3.0_3/lib/avr-gcc/9/gcc/avr/9.3.0/avr5/libgcc.a(_udivmodsi4.o)
                                                  obj/ATMega32_utility_bib.o
__ultoa_invert                                    /opt/homebrew/Cellar/avr-gcc@9/9.3.0_3/lib/avr-gcc/9/gcc/avr/9.3.0/../../../../../../avr/lib/avr5/libc.a(ultoa_invert.o)
                                                  /opt/homebrew/Cellar/avr-gcc@9/9.3.0_3/lib/avr-gcc/9/gcc/avr/9.3.0/../../../../../../avr/lib/avr5/libc.a(vfprintf_std.o)
__vector_1                                        /opt/homebrew/Cellar/avr-gcc@9/9.3.0_3/lib/avr-gcc/9/gcc/avr/9.3.0/../../../../../../avr/lib/avr5/crtatmega32.o
__vector_10                                       /opt/homebrew/Cellar/avr-gcc@9/9.3.0_3/lib/avr-gcc/9/gcc/avr/9.3.0/../../../../../../avr/lib/avr5/crtatmega32.o
__vector_11                                       /opt/homebrew/Cellar/avr-gcc@9/9.3.0_3/lib/avr-gcc/9/gcc/avr/9.3.0/../../../../../../avr/lib/avr5/crtatmega32.o
__vector_12                                       /opt/homebrew/Cellar/avr-gcc@9/9.3.0_3/lib/avr-gcc/9/gcc/avr/9.3.0/../../../../../../avr/lib/avr5/crtatmega32.o
__vector_13                                       /opt/homebrew/Cellar/avr-gcc@9/9.3.0_3/lib/avr-gcc/9/gcc/avr/9.3.0/../../../../../../avr/lib/avr5/crtatmega32.o
__vector_14                                       /opt/homebrew/Cellar/avr-gcc@9/9.3.0_3/lib/avr-gcc/9/gcc/avr/9.3.0/../../../../../../avr/lib/avr5/crtatmega32.o
__vector_15                                       /opt/homebrew/Cellar/avr-gcc@9/9.3.0_3/lib/avr-gcc/9/gcc/avr/9.3.0/../../../../../../avr/lib/avr5/crtatmega32.o
__vector_16                                       /opt/homebrew/Cellar/avr-gcc@9/9.3.0_3/lib/avr-gcc/9/gcc/avr/9.3.0/../../../../../../avr/lib/avr5/crtatmega32.o
__vector_17                                       /opt/homebrew/Cellar/avr-gcc@9/9.3.0_3/lib/avr-gcc/9/gcc/avr/9.3.0/../../../../../../avr/lib/avr5/crtatmega32.o
__vector_18                                       /opt/homebrew/Cellar/avr-gcc@9/9.3.0_3/lib/avr-gcc/9/gcc/avr/9.3.0/../../../../../../avr/lib/avr5/crtatmega32.o
__vector_19                                       /opt/homebrew/Cellar/avr-gcc@9/9.3.0_3/lib/avr-gcc/9/gcc/avr/9.3.0/../../../../../../avr/lib/avr5/crtatmega32.o
__vector_2                                        /opt/homebrew/Cellar/avr-gcc@9/9.3.0_3/lib/avr-gcc/9/gcc/avr/9.3.0/../../../../../../avr/lib/avr5/crtatmega32.o
__vector_20                                       /opt/homebrew/Cellar/avr-gcc@9/9.3.0_3/lib/avr-gcc/9/gcc/avr/9.3.0/../../../../../../avr/lib/avr5/crtatmega32.o
__vector_3                                        /opt/homebrew/Cellar/avr-gcc@9/9.3.0_3/lib/avr-gcc/9/gcc/avr/9.3.0/../../../../../../avr/lib/avr5/crtatmega32.o
__vector_4                                        /opt/homebrew/Cellar/avr-gcc@9/9.3.0_3/lib/avr-gcc/9/gcc/avr/9.3.0/../../../../../../avr/lib/avr5/crtatmega32.o
__vector_5                                        /opt/homebrew/Cellar/avr-gcc@9/9.3.0_3/lib/avr-gcc/9/gcc/avr/9.3.0/../../../../../../avr/lib/avr5/crtatmega32.o
__vector_6                                        /opt/homebrew/Cellar/avr-gcc@9/9.3.0_3/lib/avr-gcc/9/gcc/avr/9.3.0/../../../../../../avr/lib/avr5/crtatmega32.o
__vector_7                                        /opt/homebrew/Cellar/avr-gcc@9/9.3.0_3/lib/avr-gcc/9/gcc/avr/9.3.0/../../../../../../avr/lib/avr5/crtatmega32.o
__vector_8                                        /opt/homebrew/Cellar/avr-gcc@9/9.3.0_3/lib/avr-gcc/9/gcc/avr/9.3.0/../../../../../../avr/lib/avr5/crtatmega32.o
__vector_9                                        /opt/homebrew/Cellar/avr-gcc@9/9.3.0_3/lib/avr-gcc/9/gcc/avr/9.3.0/../../../../../../avr/lib/avr5/crtatmega32.o
__vector_default                                  /opt/homebrew/Cellar/avr-gcc@9/9.3.0_3/lib/avr-gcc/9/gcc/avr/9.3.0/../../../../../../avr/lib/avr5/crtatmega32.o
__vectors                                         /opt/homebrew/Cellar/avr-gcc@9/9.3.0_3/lib/avr-gcc/9/gcc/avr/9.3.0/../../../../../../avr/lib/avr5/crtatmega32.o
_exit                                             /opt/homebrew/Cellar/avr-gcc@9/9.3.0_3/lib/avr-gcc/9/gcc/avr/9.3.0/avr5/libgcc.a(_exit.o)
_mcp2515_cnf                                      ./avr-can-rfid-lib/src/librfid_can.a(mcp2515.o)
can_check_free_buffer                             ./avr-can-rfid-lib/src/librfid_can.a(mcp2515_buffer.o)
can_check_message                                 ./avr-can-rfid-lib/src/librfid_can.a(mcp2515_buffer.o)
                                                  obj/main.o
can_get_message                                   ./avr-can-rfid-lib/src/librfid_can.a(mcp2515_get_message.o)
                                                  obj/main.o
can_init                                          ./avr-can-rfid-lib/src/librfid_can.a(mcp2515.o)
                                                  obj/main.o
can_send_message                                  ./avr-can-rfid-lib/src/librfid_can.a(mcp2515_send_message.o)
                                                  obj/main.o
exit                                              /opt/homebrew/Cellar/avr-gcc@9/9.3.0_3/lib/avr-gcc/9/gcc/avr/9.3.0/avr5/libgcc.a(_exit.o)
                                                  /opt/homebrew/Cellar/avr-gcc@9/9.3.0_3/lib/avr-gcc/9/gcc/avr/9.3.0/../../../../../../avr/lib/avr5/crtatmega32.o
fputc                                             /opt/homebrew/Cellar/avr-gcc@9/9.3.0_3/lib/avr-gcc/9/gcc/avr/9.3.0/../../../../../../avr/lib/avr5/libc.a(fputc.o)
                                                  /opt/homebrew/Cellar/avr-gcc@9/9.3.0_3/lib/avr-gcc/9/gcc/avr/9.3.0/../../../../../../avr/lib/avr5/libc.a(vfprintf_std.o)
main                                              obj/main.o
                                                  /opt/homebrew/Cellar/avr-gcc@9/9.3.0_3/lib/avr-gcc/9/gcc/avr/9.3.0/../../../../../../avr/lib/avr5/crtatmega32.o
mcp2515_bit_modify                                ./avr-can-rfid-lib/src/librfid_can.a(mcp2515.o)
                                                  ./avr-can-rfid-lib/src/librfid_can.a(mcp2515_get_message.o)
mcp2515_read_id                                   ./avr-can-rfid-lib/src/librfid_can.a(mcp2515_read_id.o)
                                                  ./avr-can-rfid-lib/src/librfid_can.a(mcp2515_get_message.o)
mcp2515_read_register                             ./avr-can-rfid-lib/src/librfid_can.a(mcp2515.o)
mcp2515_read_status                               ./avr-can-rfid-lib/src/librfid_can.a(mcp2515.o)
                                                  ./avr-can-rfid-lib/src/librfid_can.a(mcp2515_send_message.o)
                                                  ./avr-can-rfid-lib/src/librfid_can.a(mcp2515_get_message.o)
                                                  ./avr-can-rfid-lib/src/librfid_can.a(mcp2515_buffer.o)
mcp2515_spi_init                                  ./avr-can-rfid-lib/src/librfid_can.a(spi.o)
                                                  ./avr-can-rfid-lib/src/librfid_can.a(mcp2515.o)
mcp2515_write_id                                  ./avr-can-rfid-lib/src/librfid_can.a(mcp2515_write_id.o)
                                                  ./avr-can-rfid-lib/src/librfid_can.a(mcp2515_send_message.o)
mcp2515_write_register                            ./avr-can-rfid-lib/src/librfid_can.a(mcp2515.o)
mfrc522_get_card_serial(unsigned char*)           obj/main.o
mfrc522_init                                      ./avr-can-rfid-lib/src/librfid_can.a(mfrc522.o)
                                                  obj/main.o
mfrc522_read                                      ./avr-can-rfid-lib/src/librfid_can.a(mfrc522.o)
                                                  obj/main.o
mfrc522_request                                   ./avr-can-rfid-lib/src/librfid_can.a(mfrc522.o)
                                                  obj/main.o
mfrc522_reset                                     ./avr-can-rfid-lib/src/librfid_can.a(mfrc522.o)
mfrc522_to_card                                   ./avr-can-rfid-lib/src/librfid_can.a(mfrc522.o)
                                                  obj/main.o
mfrc522_write                                     ./avr-can-rfid-lib/src/librfid_can.a(mfrc522.o)
                                                  obj/main.o
spi_putc                                          ./avr-can-rfid-lib/src/librfid_can.a(spi.o)
                                                  ./avr-can-rfid-lib/src/librfid_can.a(mfrc522.o)
                                                  ./avr-can-rfid-lib/src/librfid_can.a(mcp2515_read_id.o)
                                                  ./avr-can-rfid-lib/src/librfid_can.a(mcp2515_write_id.o)
                                                  ./avr-can-rfid-lib/src/librfid_can.a(mcp2515_send_message.o)
                                                  ./avr-can-rfid-lib/src/librfid_can.a(mcp2515_get_message.o)
                                                  ./avr-can-rfid-lib/src/librfid_can.a(mcp2515.o)
sprintf                                           /opt/homebrew/Cellar/avr-gcc@9/9.3.0_3/lib/avr-gcc/9/gcc/avr/9.3.0/../../../../../../avr/lib/avr5/libc.a(sprintf.o)
                                                  obj/main.o
strnlen                                           /opt/homebrew/Cellar/avr-gcc@9/9.3.0_3/lib/avr-gcc/9/gcc/avr/9.3.0/../../../../../../avr/lib/avr5/libc.a(strnlen.o)
                                                  /opt/homebrew/Cellar/avr-gcc@9/9.3.0_3/lib/avr-gcc/9/gcc/avr/9.3.0/../../../../../../avr/lib/avr5/libc.a(vfprintf_std.o)
strnlen_P                                         /opt/homebrew/Cellar/avr-gcc@9/9.3.0_3/lib/avr-gcc/9/gcc/avr/9.3.0/../../../../../../avr/lib/avr5/libc.a(strnlen_P.o)
                                                  /opt/homebrew/Cellar/avr-gcc@9/9.3.0_3/lib/avr-gcc/9/gcc/avr/9.3.0/../../../../../../avr/lib/avr5/libc.a(vfprintf_std.o)
vfprintf                                          /opt/homebrew/Cellar/avr-gcc@9/9.3.0_3/lib/avr-gcc/9/gcc/avr/9.3.0/../../../../../../avr/lib/avr5/libc.a(vfprintf_std.o)
                                                  /opt/homebrew/Cellar/avr-gcc@9/9.3.0_3/lib/avr-gcc/9/gcc/avr/9.3.0/../../../../../../avr/lib/avr5/libc.a(sprintf.o)
